16:32:08 **** Build of configuration Debug for project CMOS_T ****
make pre-build main-build 
a9-linaro-pre-build-step
' '
'Building file: ../src/main.c'
'Invoking: ARM v7 gcc compiler'
arm-none-eabi-gcc -Wall -O0 -g3 -c -fmessage-length=0 -MT"src/main.o" -mcpu=cortex-a9 -mfpu=vfpv3 -mfloat-abi=hard -I../../CMOS_T_bsp/ps7_cortexa9_0/include -MMD -MP -MF"src/main.d" -MT"src/main.o" -o "src/main.o" "../src/main.c"
../src/main.c:17:6: warning: return type of 'main' is not 'int' [-Wmain]
 void main()
      ^~~~
'Finished building: ../src/main.c'
' '
'Building target: CMOS_T.elf'
'Invoking: ARM v7 gcc linker'
arm-none-eabi-gcc -mcpu=cortex-a9 -mfpu=vfpv3 -mfloat-abi=hard -Wl,-build-id=none -specs=Xilinx.spec -Wl,-T -Wl,../src/lscript.ld -L../../CMOS_T_bsp/ps7_cortexa9_0/lib -o "CMOS_T.elf"  ./src/main.o   -Wl,--start-group,-lxil,-lgcc,-lc,--end-group
'Finished building target: CMOS_T.elf'
' '
'Invoking: ARM v7 Print Size'
arm-none-eabi-size CMOS_T.elf  |tee "CMOS_T.elf.size"
   text	   data	    bss	    dec	    hex	filename
  19248	   1144	  22568	  42960	   a7d0	CMOS_T.elf
'Finished building: CMOS_T.elf.size'
' '

16:32:09 Build Finished (took 527ms)

